Loading composer repositories with package information
Updating dependencies
Lock file operations: 164 installs, 0 updates, 0 removals
  - Locking anourvalar/eloquent-serialize (1.3.12)
  - Locking bacon/bacon-qr-code (v3.1.1)
  - Locking barryvdh/laravel-dompdf (v3.1.2)
  - Locking blade-ui-kit/blade-heroicons (2.7.0)
  - Locking blade-ui-kit/blade-icons (1.10.1)
  - Locking brick/math (0.18.0)
  - Locking carbonphp/carbon-doctrine-types (3.2.1)
  - Locking danharrin/date-format-converter (v0.3.1)
  - Locking danharrin/livewire-rate-limiting (v2.2.1)
  - Locking dasprid/enum (1.0.7)
  - Locking dedoc/scramble (0.13.43)
  - Locking dflydev/dot-access-data (v3.0.3)
  - Locking doctrine/dbal (4.4.4)
  - Locking doctrine/deprecations (1.1.6)
  - Locking doctrine/inflector (2.1.0)
  - Locking doctrine/lexer (3.0.1)
  - Locking dompdf/dompdf (v3.1.6)
  - Locking dompdf/php-font-lib (1.0.2)
  - Locking dompdf/php-svg-lib (1.0.2)
  - Locking dragonmantank/cron-expression (v3.6.0)
  - Locking egulias/email-validator (4.0.4)
  - Locking fakerphp/faker (v1.24.1)
  - Locking filament/actions (v3.3.55)
  - Locking filament/filament (v3.3.55)
  - Locking filament/forms (v3.3.55)
  - Locking filament/infolists (v3.3.55)
  - Locking filament/notifications (v3.3.55)
  - Locking filament/support (v3.3.55)
  - Locking filament/tables (v3.3.55)
  - Locking filament/widgets (v3.3.55)
  - Locking filp/whoops (2.18.4)
  - Locking fruitcake/php-cors (v1.4.0)
  - Locking graham-campbell/result-type (v1.2.0)
  - Locking guzzlehttp/guzzle (8.2.0)
  - Locking guzzlehttp/promises (3.0.2)
  - Locking guzzlehttp/psr7 (3.1.0)
  - Locking guzzlehttp/uri-template (v2.0.1)
  - Locking hamcrest/hamcrest-php (v3.0.0)
  - Locking kirschbaum-development/eloquent-power-joins (4.3.3)
  - Locking laravel/fortify (v1.39.0)
  - Locking laravel/framework (v13.31.0)
  - Locking laravel/jetstream (v5.5.3)
  - Locking laravel/passkeys (v0.2.1)
  - Locking laravel/pint (v1.32.1)
  - Locking laravel/prompts (v0.3.24)
  - Locking laravel/sail (v1.67.0)
  - Locking laravel/sanctum (v4.3.3)
  - Locking laravel/serializable-closure (v2.0.16)
  - Locking laravel/tinker (v3.0.2)
  - Locking league/commonmark (2.10.1)
  - Locking league/config (v1.2.0)
  - Locking league/csv (9.28.0)
  - Locking league/flysystem (3.36.0)
  - Locking league/flysystem-local (3.35.3)
  - Locking league/mime-type-detection (1.17.0)
  - Locking league/uri (7.8.1)
  - Locking league/uri-interfaces (7.8.1)
  - Locking livewire/livewire (v3.8.8)
  - Locking masterminds/html5 (2.11.0)
  - Locking mobiledetect/mobiledetectlib (4.11.0)
  - Locking mockery/mockery (1.6.15)
  - Locking monolog/monolog (3.12.0)
  - Locking myclabs/deep-copy (1.14.0)
  - Locking nesbot/carbon (3.14.0)
  - Locking nette/schema (v1.3.6)
  - Locking nette/utils (v4.1.5)
  - Locking nikic/php-parser (v5.9.0)
  - Locking nunomaduro/collision (v8.9.5)
  - Locking nunomaduro/termwind (v2.4.0)
  - Locking openspout/openspout (v4.32.0)
  - Locking paragonie/constant_time_encoding (v3.1.3)
  - Locking phar-io/manifest (2.0.4)
  - Locking phar-io/version (3.2.1)
  - Locking phpdocumentor/reflection-common (2.2.0)
  - Locking phpdocumentor/reflection-docblock (6.0.3)
  - Locking phpdocumentor/type-resolver (2.0.0)
  - Locking phpoption/phpoption (1.10.0)
  - Locking phpstan/phpdoc-parser (2.3.5)
  - Locking phpunit/php-code-coverage (12.5.7)
  - Locking phpunit/php-file-iterator (6.0.2)
  - Locking phpunit/php-invoker (6.0.0)
  - Locking phpunit/php-text-template (5.0.0)
  - Locking phpunit/php-timer (8.0.0)
  - Locking phpunit/phpunit (12.5.35)
  - Locking pragmarx/google2fa (v9.1.0)
  - Locking psr/cache (3.0.0)
  - Locking psr/clock (1.0.0)
  - Locking psr/container (2.0.2)
  - Locking psr/event-dispatcher (1.0.0)
  - Locking psr/http-client (1.0.3)
  - Locking psr/http-factory (1.1.0)
  - Locking psr/http-message (2.0)
  - Locking psr/log (3.0.2)
  - Locking psr/simple-cache (3.0.0)
  - Locking psy/psysh (v0.12.24)
  - Locking ramsey/collection (2.1.1)
  - Locking ramsey/uuid (4.9.3)
  - Locking ryangjchandler/blade-capture-directive (v1.1.1)
  - Locking sabberworm/php-css-parser (v9.4.0)
  - Locking sebastian/cli-parser (4.2.1)
  - Locking sebastian/comparator (7.1.8)
  - Locking sebastian/complexity (5.0.0)
  - Locking sebastian/diff (7.0.1)
  - Locking sebastian/environment (8.1.2)
  - Locking sebastian/exporter (7.0.3)
  - Locking sebastian/global-state (8.0.3)
  - Locking sebastian/lines-of-code (4.0.1)
  - Locking sebastian/object-enumerator (7.0.0)
  - Locking sebastian/object-reflector (5.0.0)
  - Locking sebastian/recursion-context (7.0.1)
  - Locking sebastian/type (6.0.4)
  - Locking sebastian/version (6.0.0)
  - Locking spatie/color (1.8.0)
  - Locking spatie/invade (2.1.1)
  - Locking spatie/laravel-package-tools (1.93.2)
  - Locking spomky-labs/cbor-php (3.4.1)
  - Locking spomky-labs/pki-framework (1.6.3)
  - Locking staabm/side-effects-detector (1.0.5)
  - Locking symfony/clock (v7.4.8)
  - Locking symfony/console (v7.4.18)
  - Locking symfony/css-selector (v7.4.18)
  - Locking symfony/deprecation-contracts (v3.7.1)
  - Locking symfony/error-handler (v7.4.17)
  - Locking symfony/event-dispatcher (v7.4.17)
  - Locking symfony/event-dispatcher-contracts (v3.7.1)
  - Locking symfony/finder (v7.4.17)
  - Locking symfony/html-sanitizer (v7.4.18)
  - Locking symfony/http-foundation (v7.4.18)
  - Locking symfony/http-kernel (v7.4.18)
  - Locking symfony/mailer (v7.4.17)
  - Locking symfony/mime (v7.4.18)
  - Locking symfony/polyfill-ctype (v1.37.0)
  - Locking symfony/polyfill-intl-grapheme (v1.41.0)
  - Locking symfony/polyfill-intl-idn (v1.42.0)
  - Locking symfony/polyfill-intl-normalizer (v1.42.0)
  - Locking symfony/polyfill-mbstring (v1.38.2)
  - Locking symfony/polyfill-php80 (v1.37.0)
  - Locking symfony/polyfill-php82 (v1.38.1)
  - Locking symfony/polyfill-php83 (v1.41.0)
  - Locking symfony/polyfill-php84 (v1.38.1)
  - Locking symfony/polyfill-php85 (v1.41.0)
  - Locking symfony/polyfill-php86 (v1.41.0)
  - Locking symfony/polyfill-uuid (v1.37.0)
  - Locking symfony/process (v7.4.18)
  - Locking symfony/property-access (v7.4.16)
  - Locking symfony/property-info (v7.4.18)
  - Locking symfony/routing (v7.4.18)
  - Locking symfony/serializer (v7.4.18)
  - Locking symfony/service-contracts (v3.7.3)
  - Locking symfony/string (v7.4.15)
  - Locking symfony/translation (v7.4.17)
  - Locking symfony/translation-contracts (v3.7.1)
  - Locking symfony/type-info (v7.4.17)
  - Locking symfony/uid (v7.4.17)
  - Locking symfony/var-dumper (v7.4.18)
  - Locking symfony/yaml (v7.4.18)
  - Locking thecodingmachine/safe (v3.4.0)
  - Locking theseer/tokenizer (2.0.1)
  - Locking tijsverkoyen/css-to-inline-styles (v2.4.0)
  - Locking vlucas/phpdotenv (v5.7.0)
  - Locking voku/portable-ascii (2.1.1)
  - Locking web-auth/cose-lib (4.8.1)
  - Locking web-auth/webauthn-lib (5.3.9)
  - Locking webmozart/assert (2.4.1)
53 package suggestions were added by new dependencies, use `composer suggest` to see details.
No security vulnerability advisories found.
