PHPUnit 12.5.35 by Sebastian Bergmann and contributors.

Runtime:       PHP 8.3.6
Configuration: /tmp/submission-platform-audit-2026-09-14/upgrade-app/phpunit.xml

FFFF.FFFFFFFFF                                                    14 / 14 (100%)

Time: 00:00.818, Memory: 77.00 MB

There were 13 failures:

1) Tests\Feature\HandoverAuditProbeTest::test_forged_temp_path_must_not_move_another_submissions_file
Unable to find a file or directory at path [submissions/01a09f7d-42eb-71b8-91e8-28ea191b0e24/audit-secret.pdf].
Failed asserting that false is true.

/tmp/submission-platform-audit-2026-09-14/upgrade-app/vendor/laravel/framework/src/Illuminate/Filesystem/FilesystemAdapter.php:137
/tmp/submission-platform-audit-2026-09-14/app/tests/Feature/HandoverAuditProbeTest.php:27

2) Tests\Feature\HandoverAuditProbeTest::test_browser_edit_flag_must_not_bypass_closed_form
Failed asserting that a row in the table [submissions] does not match the attributes {
    "form_id": 1,
    "status": "submitted"
}.

Found similar results: [
    {
        "form_id": 1,
        "status": "submitted"
    }
].

/tmp/submission-platform-audit-2026-09-14/upgrade-app/vendor/laravel/framework/src/Illuminate/Foundation/Testing/Concerns/InteractsWithDatabase.php:95
/tmp/submission-platform-audit-2026-09-14/app/tests/Feature/HandoverAuditProbeTest.php:34

3) Tests\Feature\HandoverAuditProbeTest::test_submissions_must_stop_when_open_form_becomes_private
Failed asserting that a row in the table [submissions] does not match the attributes {
    "form_id": 1,
    "status": "submitted"
}.

Found similar results: [
    {
        "form_id": 1,
        "status": "submitted"
    }
].

/tmp/submission-platform-audit-2026-09-14/upgrade-app/vendor/laravel/framework/src/Illuminate/Foundation/Testing/Concerns/InteractsWithDatabase.php:95
/tmp/submission-platform-audit-2026-09-14/app/tests/Feature/HandoverAuditProbeTest.php:41

4) Tests\Feature\HandoverAuditProbeTest::test_stale_draft_must_not_overwrite_submitted_answers
Failed asserting that two strings are identical.
--- Expected
+++ Actual
@@ @@
-'original'
+'overwritten after submission'

/tmp/submission-platform-audit-2026-09-14/app/tests/Feature/HandoverAuditProbeTest.php:51

5) Tests\Feature\HandoverAuditProbeTest::test_required_checkbox_must_have_selection
Failed asserting that a row in the table [submissions] does not match the attributes {
    "form_id": 1,
    "status": "submitted"
}.

Found similar results: [
    {
        "form_id": 1,
        "status": "submitted"
    }
].

/tmp/submission-platform-audit-2026-09-14/upgrade-app/vendor/laravel/framework/src/Illuminate/Foundation/Testing/Concerns/InteractsWithDatabase.php:95
/tmp/submission-platform-audit-2026-09-14/app/tests/Feature/HandoverAuditProbeTest.php:66

6) Tests\Feature\HandoverAuditProbeTest::test_json_export_must_preserve_checkbox_selections
Failed asserting that true is identical to 'Alpha, Beta'.

/tmp/submission-platform-audit-2026-09-14/upgrade-app/vendor/laravel/framework/src/Illuminate/Testing/AssertableJsonString.php:258
/tmp/submission-platform-audit-2026-09-14/upgrade-app/vendor/laravel/framework/src/Illuminate/Testing/TestResponse.php:882
/tmp/submission-platform-audit-2026-09-14/app/tests/Feature/HandoverAuditProbeTest.php:72

7) Tests\Feature\HandoverAuditProbeTest::test_api_must_not_reveal_someone_elses_draft
Expected response status code [403] but received 200.
Failed asserting that 200 is identical to 403.

/tmp/submission-platform-audit-2026-09-14/upgrade-app/vendor/laravel/framework/src/Illuminate/Testing/TestResponseAssert.php:46
/tmp/submission-platform-audit-2026-09-14/upgrade-app/vendor/laravel/framework/src/Illuminate/Testing/TestResponse.php:183
/tmp/submission-platform-audit-2026-09-14/upgrade-app/vendor/laravel/framework/src/Illuminate/Testing/Concerns/AssertsStatusCodes.php:141
/tmp/submission-platform-audit-2026-09-14/app/tests/Feature/HandoverAuditProbeTest.php:82

8) Tests\Feature\HandoverAuditProbeTest::test_rate_limit_response_must_be_429
Expected response status code [429] but received 500.
Failed asserting that 500 is identical to 429.

/tmp/submission-platform-audit-2026-09-14/upgrade-app/vendor/laravel/framework/src/Illuminate/Testing/TestResponseAssert.php:46
/tmp/submission-platform-audit-2026-09-14/upgrade-app/vendor/laravel/framework/src/Illuminate/Testing/TestResponse.php:183
/tmp/submission-platform-audit-2026-09-14/app/tests/Feature/HandoverAuditProbeTest.php:90

9) Tests\Feature\HandoverAuditProbeTest::test_deleting_owner_must_not_destroy_others_submissions
Failed asserting that a row in the table [submissions] matches the attributes {
    "id": "01a09f7d-4477-7012-b730-432474e8ee77"
}.

The table is empty.

/tmp/submission-platform-audit-2026-09-14/upgrade-app/vendor/laravel/framework/src/Illuminate/Foundation/Testing/Concerns/InteractsWithDatabase.php:51
/tmp/submission-platform-audit-2026-09-14/app/tests/Feature/HandoverAuditProbeTest.php:98

10) Tests\Feature\HandoverAuditProbeTest::test_deleting_used_field_must_preserve_submitted_answers
Failed asserting that a row in the table [submission_values] matches the attributes {
    "id": 1
}.

The table is empty.

/tmp/submission-platform-audit-2026-09-14/upgrade-app/vendor/laravel/framework/src/Illuminate/Foundation/Testing/Concerns/InteractsWithDatabase.php:51
/tmp/submission-platform-audit-2026-09-14/app/tests/Feature/HandoverAuditProbeTest.php:105

11) Tests\Feature\HandoverAuditProbeTest::test_api_form_deletion_must_remove_owned_files
Found unexpected file or directory at path [submissions/01a09f7d-44af-7355-a1c0-67f7221db2ab/audit-orphan.pdf].
Failed asserting that true is false.

/tmp/submission-platform-audit-2026-09-14/upgrade-app/vendor/laravel/framework/src/Illuminate/Filesystem/FilesystemAdapter.php:189
/tmp/submission-platform-audit-2026-09-14/app/tests/Feature/HandoverAuditProbeTest.php:117

12) Tests\Feature\HandoverAuditProbeTest::test_api_checkbox_must_accept_same_selection_shape_as_browser
Expected response status code [201] but received 422.
Failed asserting that 422 is identical to 201.

The following errors occurred during the last request:

{
    "message": "Validation failed",
    "errors": {
        "values.1": [
            "The values.1 field must be true or false."
        ]
    }
}

/tmp/submission-platform-audit-2026-09-14/upgrade-app/vendor/laravel/framework/src/Illuminate/Testing/TestResponseAssert.php:46
/tmp/submission-platform-audit-2026-09-14/upgrade-app/vendor/laravel/framework/src/Illuminate/Testing/TestResponse.php:183
/tmp/submission-platform-audit-2026-09-14/upgrade-app/vendor/laravel/framework/src/Illuminate/Testing/Concerns/AssertsStatusCodes.php:26
/tmp/submission-platform-audit-2026-09-14/app/tests/Feature/HandoverAuditProbeTest.php:122

13) Tests\Feature\HandoverAuditProbeTest::test_json_export_query_count_should_not_grow_per_submission
One submission: 9 SQL queries; five submissions: 21 SQL queries
Failed asserting that 21 is equal to 12 or is less than 12.

/tmp/submission-platform-audit-2026-09-14/app/tests/Feature/HandoverAuditProbeTest.php:136

FAILURES!
Tests: 14, Assertions: 20, Failures: 13.
