Loading composer repositories with package information
Updating dependencies
Your requirements could not be resolved to an installable set of packages.

  Problem 1
    - Root composer.json requires dedoc/scramble ^0.12.16 -> satisfiable by dedoc/scramble[v0.12.16, ..., v0.12.36].
    - Root composer.json requires laravel/framework ^13.0 -> satisfiable by laravel/framework[v13.12.0, ..., v13.31.0].
    - dedoc/scramble[v0.12.16, ..., v0.12.36] require illuminate/contracts ^10.0|^11.0|^12.0 -> satisfiable by illuminate/contracts[v10.0.0, ..., v10.49.0, v11.0.0, ..., v11.51.0, v12.0.0, ..., v12.69.2].
    - Conclusion: don't install laravel/framework v13.13.0 (conflict analysis result)
    - Conclusion: don't install laravel/framework v13.14.0 (conflict analysis result)
    - Conclusion: don't install laravel/framework v13.15.0 (conflict analysis result)
    - Conclusion: don't install laravel/framework v13.16.0 (conflict analysis result)
    - Conclusion: don't install laravel/framework v13.16.1 (conflict analysis result)
    - Conclusion: don't install laravel/framework v13.17.0 (conflict analysis result)
    - Conclusion: don't install laravel/framework v13.18.0 (conflict analysis result)
    - Conclusion: don't install laravel/framework v13.18.1 (conflict analysis result)
    - Conclusion: don't install laravel/framework v13.19.0 (conflict analysis result)
    - Conclusion: don't install laravel/framework v13.20.0 (conflict analysis result)
    - Conclusion: don't install laravel/framework v13.21.0 (conflict analysis result)
    - Conclusion: don't install laravel/framework v13.21.1 (conflict analysis result)
    - Conclusion: don't install laravel/framework v13.22.0 (conflict analysis result)
    - Conclusion: don't install laravel/framework v13.23.0 (conflict analysis result)
    - Conclusion: don't install laravel/framework v13.24.0 (conflict analysis result)
    - Conclusion: don't install laravel/framework v13.25.0 (conflict analysis result)
    - Conclusion: don't install laravel/framework v13.26.0 (conflict analysis result)
    - Conclusion: don't install laravel/framework v13.26.1 (conflict analysis result)
    - Conclusion: don't install laravel/framework v13.27.0 (conflict analysis result)
    - Conclusion: don't install laravel/framework v13.28.0 (conflict analysis result)
    - Conclusion: don't install laravel/framework v13.29.0 (conflict analysis result)
    - Conclusion: don't install laravel/framework v13.30.0 (conflict analysis result)
    - Conclusion: don't install laravel/framework v13.30.1 (conflict analysis result)
    - Conclusion: don't install laravel/framework v13.31.0 (conflict analysis result)
    - Only one of these can be installed: illuminate/contracts[v6.0.0, ..., v6.20.44, v7.0.0, ..., v7.30.6, v8.0.0, ..., v8.83.27, v9.0.0, ..., v9.52.16, v10.0.0, ..., v10.49.0, v11.0.0, ..., v11.51.0, v12.0.0, ..., v12.69.2, v13.0.0, ..., v13.31.0], laravel/framework[v13.12.0, ..., v13.31.0]. laravel/framework replaces illuminate/contracts and thus cannot coexist with it.

