
   INFO  Preparing database.  

  Creating migration table ...................................... 28.01ms DONE

   INFO  Running migrations.  

  0001_01_01_000000_create_users_table ......................... 125.07ms DONE
  0001_01_01_000001_create_cache_table .......................... 43.89ms DONE
  0001_01_01_000002_create_jobs_table .......................... 118.68ms DONE
  2024_09_24_150144_add_two_factor_columns_to_users_table ....... 50.87ms DONE
  2024_09_24_150156_create_personal_access_tokens_table ......... 68.40ms DONE
  2024_10_08_141558_create_forms_table .......................... 21.89ms DONE
  2024_10_08_141821_create_form_fields_table .................... 23.90ms DONE
  2024_10_08_142022_create_submissions_table .................... 21.17ms DONE
  2024_10_08_142804_create_submission_values_table .............. 19.60ms DONE
  2024_10_09_192748_create_form_categories_table ............... 106.96ms DONE
  2024_10_10_150619_create_form_users_table ..................... 38.96ms DONE
  2024_10_16_082944_create_form_access_links_table .............. 46.95ms DONE
  2024_10_31_153758_uuidtoidsubmission .......................... 65.55ms DONE
  2024_12_02_080808_create_status_types_table ................... 41.05ms DONE
  2024_12_03_151628_submission_status_change .................... 54.05ms DONE
  2025_03_27_131509_create_api_tokens_table ..................... 42.72ms DONE
  2025_03_27_131831_create_api_logs_table ....................... 20.25ms DONE
  2025_03_27_163208_add_usage_count_to_api_tokens_table ......... 34.85ms DONE
  2025_03_27_163831_create_api_settings_table .................. 225.12ms DONE
  2025_05_20_114718_create_scan_results_table ................... 20.43ms DONE
  2025_08_06_121551_change_value_column_in_submission_values_table  73.45ms DONE
  2026_03_04_000001_add_scan_results_indexes .................... 42.08ms DONE
  2026_03_09_000001_make_submissions_user_id_nullable ........... 58.95ms DONE
  2026_03_09_000002_add_ip_address_to_submissions ............... 16.88ms DONE
  2026_03_09_000003_add_availability_dates_to_forms ............. 33.93ms DONE
  2026_03_09_000004_add_conditional_fields_to_form_fields ...... 103.97ms DONE
  2026_06_19_000001_add_status_to_scan_results .................. 41.35ms DONE
  2026_07_22_000001_add_header_image_to_forms ................... 49.84ms DONE
  2026_07_31_000001_create_api_token_events_table .............. 121.89ms DONE
  2026_07_31_000002_add_api_token_lifecycle_settings ............ 75.22ms DONE
  2026_07_31_000003_make_api_token_abilities_required .......... 104.72ms DONE

